╭ Diff [1] ╮  ╭ Description [2] ╮  ╭ Commits [3] ╮
FILES 2 · file 1/2
┌─ File (F)  Guide (G) ───────────┐ ┌──────────────────────────────────────────────────────────────┐
│› main.go                        │ │━━━ FILE · main.go ━━━                                        │
│  README.md                      │ │@@ -1 +1 @@                                                   │
│                                 │ │-old greeting                                                 │
│                                 │ │+hello world                                                  │
│                                 │ │                                                              │
└─────────────────────────────────┘ └──────────────────────────────────────────────────────────────┘
0/2 read · ! Action failed: synthetic save failure · ?: Health & help
