review · example/review#42 · [Changes] | Description | Commits · ctrl+p: switch PR
FILE SLICES 2 · main.go [text_hunk] · focus: files
┌─────────────────────────────────┐ ┌──────────────────────────────────────────────────────────────┐
│› main.go                        │ │━━━ FILE · main.go ━━━                                        │
│  README.md                      │ │@@ -1 +1 @@                                                   │
│                                 │ │-old greeting                                                 │
│                                 │ │+hello world                                                  │
│                                 │ │                                                              │
└─────────────────────────────────┘ └──────────────────────────────────────────────────────────────┘
0/2 read · ! Action failed: synthetic save failure · ?: Health & help
