example/review #42
  PRs [P]    Overview [1]    Files [2]    Guide [3]  › Commits [4]
┌ Commits · 2/2 · enter/l: diff ──────────────────────────────────────────────────────────────────┐
│  First commit                                                                                   │
│  Alice · aaaaaaaaaaaa                                                                           │
│› Second commit                                                                                  │
│  Alice · bbbbbbbbbbbb                                                                           │
│                                                                                                 │
│                                                                                                 │
└─────────────────────────────────────────────────────────────────────────────────────────────────┘
0/2 read · R Review (0) · ? Freshness unknown · ?: Help
j/k: commits · n/p: commit · enter/l: diff · esc/h: list · ?: Help
