example/review #42
  PRs [P]    Overview [1]    Files [2]    Guide [3]  › Commi
┌ Commit diff · 1/2 · aaaaaaaaaaaa · esc/h: list ──────────┐
│First commit                                              │
│Alice · aaaaaaaaaaaa                                      │
│Compared with empty tree (root commit)                    │
│── changed.go                                             │
│Mode:  -> 100644                                          │
│@@ -1,1 +1,30 @@                                          │
└──────────────────────────────────────────────────────────┘
0/2 read · R Review (0) · ? Freshness unknown · ?: Help
j/k: scroll · n/p: commit · PgUp/PgDn: page · esc/h: list ·
