example/review #42
  PRs [P]    Overview [1]  › Files [2]    Guide [3]    Commi
┌ Commits [C] · 0 selected · Selected files · List ────────┐
│No commits selected                                       │
│                                                          │
│                                                          │
│                                                          │
└──────────────────────────────────────────────────────────┘
Selected commits: reading only; use All changes for source/s
R: review PR · C: filter commits
