example/review #42
  PRs [P]    Description [1]  › Files [2]    Guide [3]    Co
┌ Commits [C] · 0 selected · Selected files · List ────────┐
│No commits selected                                       │
│                                                          │
│                                                          │
│                                                          │
└──────────────────────────────────────────────────────────┘
Selected commits: reading only; use All changes to mark file
R: review PR · C: filter commits
