example/review #42
  PRs [P]    Overview [1]  › Files [2]    Guide [3]    Commi
┌ Files · ▽ Filter (F) · Commits [C] · 0 commits · List ───┐
│No commits selected                                       │
│                                                          │
│                                                          │
│                                                          │
└──────────────────────────────────────────────────────────┘
Selected commits: reading only; use All commits for source/s
R: review PR · C: filter commits
