review · example/review#42 · [Changes] | Description | Commits · ctrl+p: switch PR
FILE SLICES 2 · main.go [text_hunk] · focus: diff
┌────────────────────────────────────┐ ┌───────────────────────────────────────────────────────────────────────────────┐
│› main.go                           │ │  ━━━ FILE · main.go ━━━                                                       │
│  README.md                         │ │  @@ -1 +1 @@                                                                  │
│                                    │ │› -old greeting                                                                │
│                                    │ │    +----------------------------------------------------------------------+   │
│                                    │ │    | @reviewer                                                            |   │
│                                    │ │    | parent message                                                       |   │
│                                    │ │    +[👍 1] [❤️ 2]---------------------------------------------------------+   │
│                                    │ │        +--------------------------------------------------------------------+ │
│                                    │ │        | @viewer                                                            | │
│                                    │ │        | threaded reply                                                     | │
│                                    │ │        +--------------------------------------------------------------------+ │
└────────────────────────────────────┘ └───────────────────────────────────────────────────────────────────────────────┘
0/2 read · ✓ Inventory complete · ? Guides unavailable · ? Freshness unknown · ?: Health & help
