example/review #42
  PRs [P]    Description [1]    Files [2]    Guide [3]  › Commits [4]
┌ Commits · 0/0 ─────────────────────┬ Commit diff · enter/l: focus ───────────────────────────────────────────────────┐
│Commits were not captured for this s│Commits were not captured for this session.                                      │
│                                    │                                                                                 │
│                                    │                                                                                 │
│                                    │                                                                                 │
│                                    │                                                                                 │
│                                    │                                                                                 │
└────────────────────────────────────┴─────────────────────────────────────────────────────────────────────────────────┘
0/2 read · R Submit review (0) · ? Freshness unknown · ?: Health & help
j/k: commits · n/p: commit · enter/l: diff · esc/h: list · ?: Help
