example/review #42
  PRs [P]  › Overview [1]    Files [2]    Guide [3]    Commi
Overview · Discussions [D]
┌──────────────────────────────────────────────────────────┐
│ Description · captured when review opened                │
│ Target branch: main                                      │
│                                                          │
│    Summary                                               │
│                                                          │
│   • review the loading path                              │
│   • confirm the fallback                                 │
│                                                          │
│     fmt.Println("ready")                                 │
│                                                          │
│   Reference https://example.com                          │
│                                                          │
0/2 read · R Review (0) · ? Freshness unknown · ?: Help
↑/↓: scroll · n: comment · D: discussions · enter: expand ·
