example/review #42                                                                                     ctrl+p: switch PR
› Description [1]    Files [2]    Guide [3]    Commits [4]
Description
Frozen from GitHub when this review opened.

   Summary

  • review the loading path
  • confirm the fallback

    fmt.Println("ready")

  Reference https://example.com

  <em>literal HTML</em>

0/2 read · R Submit review (0) · ? Freshness unknown · ?: Health & help
↑/↓: scroll · 1/2/3/4: views · ?: Help
