example/review #42
  PRs [P]    Overview [1]  › Files [2]    Guide [3]    Commits [4]                        ╭──────────────────────────────────────────────────────────────────────────────────────╮
┌ Files · ▽ Filter (F) ──────────────┬ Commits [C] · All changes · Find (/) · Diff · FILES│ Find: l▏                                                                             │─┐
│› main.go                           │── main.go                                          │ 4 matches in 1 file                                                                  │ │
│  README.md                         │@@ -1 +1 @@                                         │ main.go   (4)                                                                        │ │
│                                    │    1 - old greeting                                │ ›  L1 - old greeting                                                                 │ │
│                                    │                                                    │    R1 + hello world                                                                  │ │
│                                    │── README.md                                        │    R1 + hello world                                                                  │ │
│                                    │                                                    │    R1 + hello world                                                                  │ │
│                                    │                                                    │                                                                                      │ │
│                                    │                                                    │                                                                                      │ │
│                                    │                                                    │                                                                                      │ │
│                                    │                                                    │                                                                                      │ │
│                                    │                                                    │                                                                                      │ │
│                                    │                                                    │                                                                                      │ │
└────────────────────────────────────┴────────────────────────────────────────────────────│ Esc: select results · Enter: jump                                                    │─┘
0/2 read · R Submit review (0) · ? Freshness unknown · ?: Health & help                   ╰──────────────────────────────────────────────────────────────────────────────────────╯
j/k: files · E: expand · enter: diff · m: mark file · ?: Help
