example/review #42                                                                                              ╭──────────────────────────────────────────────────────────────────╮
  PRs [P]    Description [1]  › Files [2]    Guide [3]    Commits [4]                                           │ Find: l▏                                                         │
┌ Files · ▽ Filter (/) ──────────────┬ Find (Ctrl+F) · Diff · FILES 2 · file 1/2 ───────────────────────────────│ Clear  |  Close                                                  │
│› main.go                           │── main.go                                                                │ Files · saved diff text only                                     │
│  README.md                         │@@ -1 +1 @@                                                               │ 4 matches in 1 file                                              │
│                                    │    1 - old greeting                                                  │   │ main.go   (4)                                                    │
│                                    │                                                                          │ ›  L1 - old greeting                                             │
│                                    │── README.md                                                              │    R1 + hello world                                              │
│                                    │                                                                          │    R1 + hello world                                              │
│                                    │                                                                          │    R1 + hello world                                              │
│                                    │                                                                          │                                                                  │
│                                    │                                                                          │                                                                  │
│                                    │                                                                          │                                                                  │
│                                    │                                                                          │                                                                  │
│                                    │                                                                          │                                                                  │
└────────────────────────────────────┴──────────────────────────────────────────────────────────────────────────│                                                                  │
0/2 read · R Submit review (0) · ? Freshness unknown · ?: Health & help                                         │ ↑↓ results · Enter jump · Tab controls · Esc                     │
j/k: files · enter: diff · m: mark file · ?: Help                                                               ╰──────────────────────────────────────────────────────────────────╯
