example/review #42
  PRs [P]    Overview [1]  › F╭──────────────────────────────────────────────────────────────────────────────────────╮
┌ Files · ▽ Filter (F) ───────│ Find: l▏                                                                             │─┐
│› main.go                    │ 4 matches in 1 file                                                                  │ │
│  README.md                  │ main.go   (4)                                                                        │ │
│                             │ ›  L1 - old greeting                                                                 │ │
│                             │    R1 + hello world                                                                  │ │
│                             │    R1 + hello world                                                                  │ │
│                             │    R1 + hello world                                                                  │ │
│                             │                                                                                      │ │
│                             │                                                                                      │ │
│                             │                                                                                      │ │
│                             │                                                                                      │ │
│                             │                                                                                      │ │
│                             │                                                                                      │ │
└─────────────────────────────│ Esc: select results · Enter: jump                                                    │─┘
0/2 read · R Submit review (0)╰──────────────────────────────────────────────────────────────────────────────────────╯
j/k: files · E: expand · enter: diff · m: mark file · ?: Help
