example/review #42                                  ╭──────────────────────────────────────────────────────────────────╮
  Description [1]  › Files [2]    Guide [3]    Commi│ Find: l▏                                                         │
┌ Files · ▽ Filter (/) ──────────────┬ Find (Ctrl+F)│ Clear  |  Close                                                  │
│› main.go                           │── main.go    │ Files · saved diff text only                                     │
│  README.md                         │@@ -1 +1 @@   │ 4 matches in 1 file                                              │
│                                    │-old greeting │ main.go   (4)                                                    │
│                                    │+hello world  │ ›  L1 - old greeting                                             │
│                                    │              │    R1 + hello world                                              │
│                                    │── README.md  │    R1 + hello world                                              │
│                                    │              │    R1 + hello world                                              │
│                                    │              │                                                                  │
│                                    │              │                                                                  │
│                                    │              │                                                                  │
│                                    │              │                                                                  │
│                                    │              │                                                                  │
└────────────────────────────────────┴──────────────│                                                                  │
0/2 read · R Submit review (0) · ? Freshness unknown│ ↑↓ results · Enter jump · Tab controls · Esc                     │
j/k: files · enter: diff · m: mark file · ?: Help   ╰──────────────────────────────────────────────────────────────────╯
