example/review #42
  PRs [P]  › Overview [1]    Files [2]    Guide [3]    Commits [4]
Overview · Discussions [D]
┌─ Selected ───────────────────────────────────────────────────────────────────────────────────────────────────────────┐
▸ > @alice · Outdated on current PR · Unresolved                                                                       │
│ Original context unavailable                                                                                         │
│ Historical snippet                                                                                                   │
│ +old                                                                                                                 │
│ > @alice                                                                                                             │
│   Historical concern                                                                                                 │
│   @bob                                                                                                               │
│   This concern still needs attention.                                                                                │
│ Open in Files unavailable · Comparison differs                                                                       │
│ https://github.com/a/b/pull/1#discussion_r1                                                                          │
│                                                                                                                      │
└──────────────────────────────────────────────────────────────────────────────────────────────────────────────────────┘
0/2 read · R Submit review (0) · ? Freshness unknown · ?: Health & help
enter: collapse · esc: collapse · ↑/↓: scroll · tab: activity · c: refresh
