example/review #42                                                                                     ctrl+p: switch PR
  Description [1]  › Files [2]    Guide [3]    Commits [4]
┌ Files · ▽ Filter (/) ──────────────┬ Find (Ctrl+F) · Diff · FILES 2 · file 1/2 ──────────────────────────────────────┐
│Filter files: tui                   │── internal/tui/model.go                                                         │
│› model.go  internal/tui            │@@ -1 +1 @@                                                                      │
│  file_filter.go  internal/tui      │-old greeting                                                                    │
│                                    │+hello world                                                                     │
│                                    │                                                                                 │
│                                    │── internal/tui/file_filter.go                                                   │
│                                    │                                                                                 │
│                                    │                                                                                 │
└────────────────────────────────────┴─────────────────────────────────────────────────────────────────────────────────┘
0/2 read · R Submit review (0) · ? Freshness unknown · ?: Health & help
j/k: files · enter: diff · m: mark file · ?: Help
