example/review #42                                                                                     ctrl+p: switch PR
  Description [1]    Files [2]  › Guide [3]    Commits [4]
┌ Guide ─────────────────────────────┬ Find (/) · Diff · GUIDES 1 · guide 1/1 · marking: whole files ──────────────────┐
│› - 1. Greeting                     │── main.go                                                                       │
│  01 / 01 · { previous · } next     │@@ -1 +1 @@                                                                      │
│    Update the greeting and its     │-old greeting                                                                    │
│    documentation.                  │+hello world                                                                     │
│    - 1.1 Implementation            │                                                                                 │
│      main.go                       │── README.md                                                                     │
│    - 1.2 Documentation             │                                                                                 │
│      README.md [file_metadata]     │                                                                                 │
└────────────────────────────────────┴─────────────────────────────────────────────────────────────────────────────────┘
0/2 read · R Submit review (0) · ? Freshness unknown · ?: Health & help
j/k: guides · tab: expand · enter: diff · ?: Help
