          +----------------------------------------------------------+
          | Loading                                                  |
          |                                                          |
          |                   [======------------]                   |
          | Loading GitHub metadata and pinned committed objects...  |
          |                                                          |
          | esc: cancel                                              |
          +----------------------------------------------------------+
