          ╭──────────────────────────────────────────────────────────╮
          │   ◐  Loading                                             │
          │                                                          │
          │                    ▰▰▰▰▰▰▱▱▱▱▱▱▱▱▱▱▱▱                    │
          │   ↳ Loading GitHub metadata and pinned committed…        │
          │                                                          │
          │   esc: cancel                                            │
          ╰──────────────────────────────────────────────────────────╯
