Open pull requests · 1 open
› #42  Fix ret  target: main          ○  @alice                 ? Checks unknown









────────────────────────────────────────────────────────────────────────────────
#42  Fix retry handling
Author alice  ·  Opened unknown
Last commit unknown  ·  ? Checks unknown
Your review: None
Target branch: main
DESCRIPTION
  Preserve cancellation while retrying requests.
j/k: select · tab: preview · enter: open · esc: back · ?: help
