Open pull requests · 20 open
› ╭─ ✓ Checks pass ────────────────────────────────────────╮
  │ #20  Change 20                                         │
  │ Author alice  ·  Opened Sep 23, 2026                   │
  │ Last commit bob                                        │
  ╰────────────────────────────────────────────────────────╯
enter: open · esc: back · ?: Health & help
