╭ Diff [1] ╮  ╭ Description [2] ╮  ╭ Commits [3] ╮
[Files F] | Guide [G] · FILES 2 · file 1/2 · focus: diff · side-by-side needs 160 columns
┌────────────────────────────────────┐ ┌──────────────────────────────────────────────────────────────────────────────────────────────────────────────────────┐
│› main.go                           │ │━━━ FILE · main.go ━━━                                                                                                │
│  README.md                         │ │@@ -1 +1 @@                                                                                                           │
│                                    │ │-old greeting                                                                                                         │
│                                    │ │+hello world                                                                                                          │
│                                    │ │                                                                                                                      │
│                                    │ │━━━ FILE · README.md ━━━                                                                                              │
│                                    │ │                                                                                                                      │
└────────────────────────────────────┘ └──────────────────────────────────────────────────────────────────────────────────────────────────────────────────────┘
0/2 read · R Submit review (0) · ✓ Inventory complete · ? Freshness unknown · Guide available with g · ?: Health & help
