example/review #42                         ctrl+p: switch PR
  Description [1]  › Files [2]    Guide [3]    Commits [4]
┌ Files · Diff ────────────────────────────────────────────┐
│── main.go                                                │
│@@ -1 +1 @@                                               │
│-old greeting                                             │
│+hello world                                              │
└──────────────────────────────────────────────────────────┘
0/2 read · R Review (0) · ? Freshness unknown · ?: Help
↑/↓: scroll · enter: comment/menu · m: mark file · esc: list
