review · example/review#42 · ctrl+p (or p): switch PR
PR #42 | head aaaaaaaaaaaa | inventory complete | analysis: file fallback
File slices | focus: diff | unit 1/2 [text_hunk] | unassigned 0 | unavailable 0
· main.go                            | main.go [text_hunk]
  README.md                          | @@ -1 +1 @@
                                     | -old greeting
                                     | +hello world
                                     |
                                     |
                                     |
                                     |
ctrl+p / p: open the pull-request switcher  ctrl+h/ctrl+l: focus list/diff  esc: back  n: next guide row, or unit withou
