example/review #42
  PRs [P]    Overview [1]  › Files [2]    Guide [3]    Commits [4]
┌ Files · ▽ Filter (F) ──────────────┬ Commits [C] · All changes · Find (/) · Diff · FILES 2 · file 1/2 · side-by-side needs 160 columns ─────────────────────┐
│› main.go                           │── main.go                                                                                                              │
│  README.md                         │@@ -1 +1 @@                                                                                                             │
│                                    │-old greeting                                                                                                           │
│                                    │+hello world                                                                                                            │
│                                    │                                                                                                                        │
│                                    │── README.md                                                                                                            │
└────────────────────────────────────┴────────────────────────────────────────────────────────────────────────────────────────────────────────────────────────┘
0/2 read · R Submit review (0) · ? Freshness unknown · ?: Health & help
↑/↓: scroll · enter: comment/menu · m: mark file · esc: list · ?: Help
