╭ Diff [1] ╮  ╭ Description [2] ╮  ╭ Commits [3] ╮
FILE SLICES 2 · main.go [text_hunk] · focus: diff · side-by-side needs 160 columns
┌────────────────────────────────────┐ ┌──────────────────────────────────────────────────────────────────────────────────────────────────────────────────────┐
│› main.go                           │ │━━━ FILE · main.go ━━━                                                                                                │
│  README.md                         │ │@@ -1 +1 @@                                                                                                           │
│                                    │ │-old greeting                                                                                                         │
│                                    │ │+hello world                                                                                                          │
│                                    │ │                                                                                                                      │
│                                    │ │                                                                                                                      │
│                                    │ │                                                                                                                      │
└────────────────────────────────────┘ └──────────────────────────────────────────────────────────────────────────────────────────────────────────────────────┘
0/2 read · R Submit review (0) · ✓ Inventory complete · ? Freshness unknown · ? Guides unavailable · ?: Health & help
