example/review #42                                                                                                                             ctrl+p: switch PR
  Description [1]  › Files [2]    Guide [3]    Commits [4]
┌ Files ─────────────────────────────┬ Diff · FILES 2 · file 1/2 ──────────────────────────────────────────────────────────────────────────────────────────────┐
│› main.go                           │── main.go                                                                                                               │
│  README.md                         │@@ -1 +1 @@                                                                                                              │
│                                    │    1 - old greeting                                        │     1 + hello world                                        │
│                                    │                                                                                                                         │
│                                    │── README.md                                                                                                             │
│                                    │                                                                                                                         │
└────────────────────────────────────┴─────────────────────────────────────────────────────────────────────────────────────────────────────────────────────────┘
0/2 read · R Submit review (0) · ? Freshness unknown · ?: Health & help
↑/↓: scroll · enter: comment/menu · m: mark file · esc: list · ?: Help
