example/review #42
  PRs [P]    Overview [1]  › Files [2]    Guide [3]    Commi
┌ Files · ▽ Filter (F) · Commits [C] · All changes · Find (┐
│── main.go                                                │
│@@ -1 +1 @@                                               │
│   1      -old greeting                                   │
│        1 +hello world                                    │
└──────────────────────────────────────────────────────────┘
0/2 read · R Review (0) · ? Freshness unknown · ?: Help
↑/↓: scroll · E: expand · enter: comment/menu · m: mark file
