ex╭──────────────────────────────────────────────────────╮
  │ Submit review · example/review#42 · head aaaaaaaaaaa │mi
┌ │ Review decision                                      │─┐
│›│   ○ Comment                                          │ │
│ │   ○ Approve                                          │ │
│ │   ◉ Request changes                                  │ │
│ │ Confirm submission · 0 pending comments              │ │
└─│ enter: submit review · esc: edit                     │─┘
0/╰──────────────────────────────────────────────────────╯
j/k: files · enter: diff · m: mark file · ?: Help
