Submit review · example/review#42 · head aaaaaaaaaaaa
0/2 file slices read · 1 pending comments

› Review decision: Comment (↑/↓ to change)
Summary (required)

Pending comments (1) · tab to select, enter edit, d remove
  main.go:1 RIGHT · Please cover the empty case.
tab: next field · enter: confirm · shift+enter: newline · esc: back
