ex╭──────────────────────────────────────────────────────╮
  │ Submit review · example/review#42 · head aaaaaaaaaaa │mi
┌ │ Review decision (j/k or ↑/↓)                         │─┐
│›│   ○ Comment                                          │ │
│ │   ◉ Approve                                          │ │
│ │   ○ Request changes                                  │ │
│ │ Comment: ▏                                           │ │
└─│ enter: confirm · esc: back                           │─┘
0/╰──────────────────────────────────────────────────────╯
j/k: files · E: expand · enter: diff · m: mark file · ?: Hel
