example/review #42
  PRs [P]    Description [1]  › Files [2]    Guide [3]    Co
┌ Files · ▽ Filter (/) · Commits [C] · All changes · Diff ─┐
│── main.go                                                │
│@@ -1 +1 @@                                               │
│-old greeting                                             │
│+hello world                                              │
└──────────────────────────────────────────────────────────┘
0/2 read · R Review (0) · ? Freshness unknown · ?: Help
↑/↓: scroll · enter: comment/menu · m: mark file · esc: list
