╭ Diff [1] ╮  ╭ Description [2] ╮  ╭ Commits [3] ╮
FILES 2 · file 1/2
┌─ File (F)  Guide (G) ──────────────┐ ┌───────────────────────────────────────────────────────────────────────────────┐
│› main.go                           │ │━━━ FILE · main.go ━━━                                                         │
│  README.md                         │ │@@ -1 +1 @@                                                                    │
│                                    │ │-old greeting                                                                  │
│                                    │ │+hello world                                                                   │
│                                    │ │                                                                               │
│                                    │ │━━━ FILE · README.md ━━━                                                       │
│                                    │ │                                                                               │
└────────────────────────────────────┘ └───────────────────────────────────────────────────────────────────────────────┘
0/2 read · R Submit review (0) · ✓ Inventory complete · ? Freshness unknown · Guide available with g · ?: Health & help
