example/re╭──────────────────────────────────────────────────────────────────────────────────────────────────╮ switch PR
  Descript│ Submit review · example/review#42 · head aaaaaaaaaaaa                                            │
┌ Files · │ 0/2 file slices read · 1 pending comments                                                        │─────────┐
│› main.go│                                                                                                  │         │
│  README.│ Review decision (j/k or ↑/↓)                                                                     │         │
│         │ › ◉ Comment · General feedback without approval                                                  │         │
│         │   ○ Approve · Approve merging these changes                                                      │         │
│         │   ○ Request changes · Suggest changes before merging                                             │         │
│         │                                                                                                  │         │
│         │ Comment (required)                                                                               │         │
│         │   ┌────────────────────────────────────────────────────────────────────────────────────────────┐ │         │
│         │   │ Leave a comment                                                                            │ │         │
│         │   └────────────────────────────────────────────────────────────────────────────────────────────┘ │         │
└─────────│ Pending comments (1) · tab to select, enter edit, d remove                                       │─────────┘
0/2 read ·│ j/k or ↑/↓: choose · tab/enter: comment · esc: back                                              │
j/k: files╰──────────────────────────────────────────────────────────────────────────────────────────────────╯
